// Jest Snapshot v1, https://goo.gl/fbAQLP

exports[`ChevronousText additional icon classes renders 1`] = `
<span>
  Explore
   
  <span
    className="txt-nowrap"
  >
    Mapbox
    <Icon
      inline={true}
      name="chevron-right"
      passthroughProps={Object {}}
      size={18}
      themeIcon="color-blue"
    />
  </span>
</span>
`;

exports[`ChevronousText basic renders 1`] = `
<span>
  Explore
   
  <span
    className="txt-nowrap"
  >
    Mapbox
    <Icon
      inline={true}
      name="chevron-right"
      passthroughProps={Object {}}
      size={18}
    />
  </span>
</span>
`;
