// Jest Snapshot v1, https://goo.gl/fbAQLP

exports[`PopoverTrigger default props renders 1`] = `
<div
  className="inline-block"
  onBlur={[Function]}
  onClick={[Function]}
  onFocus={[Function]}
  onKeyDown={[Function]}
>
  <button
    className="btn"
  >
    Trigger
  </button>
</div>
`;

exports[`PopoverTrigger responds to all interactions renders 1`] = `
<div
  className="inline-block"
  onBlur={[Function]}
  onClick={[Function]}
  onFocus={[Function]}
  onKeyDown={[Function]}
>
  <button
    className="btn"
  >
    Trigger
  </button>
</div>
`;
